[2026-05-30 16:18:39,044] INFO: ============================================================
[2026-05-30 16:18:39,044] INFO:   Brain Tumor Detection — Training Started
[2026-05-30 16:18:39,045] INFO: ============================================================
[2026-05-30 16:18:39,045] INFO: Device: cpu
[2026-05-30 16:18:39,045] INFO: 
Loading dataset from: dataset/Training
[2026-05-30 16:18:39,092] INFO: Dataset loaded: 2477 total images
[2026-05-30 16:18:39,092] INFO: 
Creating Hybrid ViT-GRU model...
[2026-05-30 16:18:44,951] INFO: 
Starting training for 30 epochs...
[2026-05-30 16:18:44,951] INFO:   Optimizer   : AdamW (lr=0.0001, wd=0.0001)
[2026-05-30 16:18:44,952] INFO:   Scheduler   : CosineAnnealingLR
[2026-05-30 16:18:44,952] INFO:   Early stop  : patience=10
[2026-05-30 16:18:44,952] INFO: ------------------------------------------------------------
[2026-05-30 16:18:44,952] INFO: 
Epoch [1/30] | LR: 1.00e-04
[2026-05-30 16:28:22,694] INFO: ============================================================
[2026-05-30 16:28:22,695] INFO:   Brain Tumor Detection — Training Started
[2026-05-30 16:28:22,697] INFO: ============================================================
[2026-05-30 16:28:22,697] INFO: Device: cpu
[2026-05-30 16:28:22,698] INFO: 
Loading dataset from: dataset/Training
[2026-05-30 16:28:22,952] INFO: Dataset loaded: 2477 total images
[2026-05-30 16:28:22,953] INFO: 
Creating Hybrid ViT-GRU model...
[2026-05-30 16:28:26,319] INFO: 
Starting training for 15 epochs...
[2026-05-30 16:28:26,320] INFO:   Optimizer   : AdamW (lr=0.0001, wd=0.0001)
[2026-05-30 16:28:26,320] INFO:   Scheduler   : CosineAnnealingLR
[2026-05-30 16:28:26,320] INFO:   Early stop  : patience=10
[2026-05-30 16:28:26,320] INFO: ------------------------------------------------------------
[2026-05-30 16:28:26,320] INFO: 
Epoch [1/15] | LR: 1.00e-04
[2026-05-30 16:31:23,591] INFO: ============================================================
[2026-05-30 16:31:23,592] INFO:   Brain Tumor Detection — Training Started
[2026-05-30 16:31:23,592] INFO: ============================================================
[2026-05-30 16:31:23,592] INFO: Device: cpu
[2026-05-30 16:31:23,593] INFO: 
Loading dataset from: dataset/Training
[2026-05-30 16:31:23,849] INFO: Dataset loaded: 2477 total images
[2026-05-30 16:31:23,849] INFO: 
Creating Hybrid ViT-GRU model...
[2026-05-30 16:31:27,554] INFO: 
Starting training for 15 epochs...
[2026-05-30 16:31:27,554] INFO:   Optimizer   : AdamW (lr=0.0001, wd=0.0001)
[2026-05-30 16:31:27,555] INFO:   Scheduler   : CosineAnnealingLR
[2026-05-30 16:31:27,555] INFO:   Early stop  : patience=10
[2026-05-30 16:31:27,555] INFO: ------------------------------------------------------------
[2026-05-30 16:31:27,555] INFO: 
Epoch [1/15] | LR: 1.00e-04
[2026-05-30 16:38:18,273] INFO:   Epoch 1 | Batch [20/108] | Loss: 1.3997 | Acc: 0.2781
[2026-05-30 16:44:06,939] INFO:   Epoch 1 | Batch [40/108] | Loss: 1.3668 | Acc: 0.3125
[2026-05-30 16:49:56,800] INFO:   Epoch 1 | Batch [60/108] | Loss: 1.3544 | Acc: 0.3260
[2026-05-30 16:55:46,570] INFO:   Epoch 1 | Batch [80/108] | Loss: 1.3351 | Acc: 0.3406
[2026-05-30 17:13:20,775] INFO:   Epoch 1 | Batch [100/108] | Loss: 1.3205 | Acc: 0.3569
[2026-05-30 17:15:28,373] INFO:   Epoch 1 | Batch [108/108] | Loss: 1.3172 | Acc: 0.3623
[2026-05-30 17:18:21,741] INFO: 
Epoch [2/15] | LR: 9.89e-05
[2026-05-30 17:24:30,021] INFO:   Epoch 2 | Batch [20/108] | Loss: 1.2678 | Acc: 0.4531
[2026-05-30 17:30:33,686] INFO:   Epoch 2 | Batch [40/108] | Loss: 1.2359 | Acc: 0.4578
[2026-05-30 17:36:28,894] INFO:   Epoch 2 | Batch [60/108] | Loss: 1.2494 | Acc: 0.4490
[2026-05-30 17:42:29,260] INFO:   Epoch 2 | Batch [80/108] | Loss: 1.2442 | Acc: 0.4547
[2026-05-30 17:48:31,360] INFO:   Epoch 2 | Batch [100/108] | Loss: 1.2470 | Acc: 0.4456
[2026-05-30 17:51:19,138] INFO:   Epoch 2 | Batch [108/108] | Loss: 1.2411 | Acc: 0.4491
[2026-05-30 17:54:15,080] INFO: 
Epoch [3/15] | LR: 9.57e-05
[2026-05-30 18:01:32,727] INFO:   Epoch 3 | Batch [20/108] | Loss: 1.2312 | Acc: 0.4437
[2026-05-30 18:07:28,786] INFO:   Epoch 3 | Batch [40/108] | Loss: 1.2370 | Acc: 0.4359
[2026-05-30 18:13:26,083] INFO:   Epoch 3 | Batch [60/108] | Loss: 1.2228 | Acc: 0.4427
[2026-05-30 18:19:10,561] INFO:   Epoch 3 | Batch [80/108] | Loss: 1.2405 | Acc: 0.4414
[2026-05-30 18:24:59,505] INFO:   Epoch 3 | Batch [100/108] | Loss: 1.2324 | Acc: 0.4469
[2026-05-30 18:27:17,847] INFO:   Epoch 3 | Batch [108/108] | Loss: 1.2297 | Acc: 0.4491
[2026-05-30 18:30:05,955] INFO: 
Epoch [4/15] | LR: 9.05e-05
[2026-05-30 18:36:13,645] INFO:   Epoch 4 | Batch [20/108] | Loss: 1.2389 | Acc: 0.4625
[2026-05-30 18:41:58,707] INFO:   Epoch 4 | Batch [40/108] | Loss: 1.1908 | Acc: 0.4922
[2026-05-30 18:47:51,411] INFO:   Epoch 4 | Batch [60/108] | Loss: 1.1797 | Acc: 0.5021
[2026-05-30 18:53:41,665] INFO:   Epoch 4 | Batch [80/108] | Loss: 1.1770 | Acc: 0.5109
[2026-05-30 18:59:17,741] INFO:   Epoch 4 | Batch [100/108] | Loss: 1.1682 | Acc: 0.5162
[2026-05-30 19:01:27,714] INFO:   Epoch 4 | Batch [108/108] | Loss: 1.1655 | Acc: 0.5185
[2026-05-30 19:04:03,125] INFO: 
Epoch [5/15] | LR: 8.36e-05
[2026-05-30 19:10:02,250] INFO:   Epoch 5 | Batch [20/108] | Loss: 1.1042 | Acc: 0.5437
[2026-05-30 19:15:32,316] INFO:   Epoch 5 | Batch [40/108] | Loss: 1.1063 | Acc: 0.5422
[2026-05-30 19:21:02,343] INFO:   Epoch 5 | Batch [60/108] | Loss: 1.1255 | Acc: 0.5323
[2026-05-30 19:26:33,262] INFO:   Epoch 5 | Batch [80/108] | Loss: 1.1177 | Acc: 0.5391
[2026-05-30 19:32:06,423] INFO:   Epoch 5 | Batch [100/108] | Loss: 1.1081 | Acc: 0.5444
[2026-05-30 19:34:17,152] INFO:   Epoch 5 | Batch [108/108] | Loss: 1.1028 | Acc: 0.5457
[2026-05-30 19:36:51,154] INFO: 
Epoch [6/15] | LR: 7.52e-05
[2026-05-30 19:42:46,229] INFO:   Epoch 6 | Batch [20/108] | Loss: 1.1494 | Acc: 0.5312
[2026-05-30 19:48:09,322] INFO:   Epoch 6 | Batch [40/108] | Loss: 1.0874 | Acc: 0.5813
[2026-05-30 19:53:45,068] INFO:   Epoch 6 | Batch [60/108] | Loss: 1.0743 | Acc: 0.5865
[2026-05-30 19:59:16,122] INFO:   Epoch 6 | Batch [80/108] | Loss: 1.0814 | Acc: 0.5797
[2026-05-30 20:04:42,703] INFO:   Epoch 6 | Batch [100/108] | Loss: 1.0935 | Acc: 0.5787
[2026-05-30 20:06:51,802] INFO:   Epoch 6 | Batch [108/108] | Loss: 1.0879 | Acc: 0.5828
[2026-05-30 20:09:21,834] INFO: 
Epoch [7/15] | LR: 6.58e-05
[2026-05-30 20:15:24,335] INFO:   Epoch 7 | Batch [20/108] | Loss: 1.0503 | Acc: 0.6125
[2026-05-30 20:20:58,114] INFO:   Epoch 7 | Batch [40/108] | Loss: 1.0763 | Acc: 0.6062
[2026-05-30 20:26:31,526] INFO:   Epoch 7 | Batch [60/108] | Loss: 1.0412 | Acc: 0.6219
[2026-05-30 20:31:59,828] INFO:   Epoch 7 | Batch [80/108] | Loss: 1.0325 | Acc: 0.6219
[2026-05-30 20:37:25,901] INFO:   Epoch 7 | Batch [100/108] | Loss: 1.0400 | Acc: 0.6188
[2026-05-30 20:39:36,089] INFO:   Epoch 7 | Batch [108/108] | Loss: 1.0350 | Acc: 0.6244
[2026-05-30 20:42:14,933] INFO: 
Epoch [8/15] | LR: 5.57e-05
[2026-05-30 20:48:10,556] INFO:   Epoch 8 | Batch [20/108] | Loss: 1.0551 | Acc: 0.6219
[2026-05-30 20:53:40,591] INFO:   Epoch 8 | Batch [40/108] | Loss: 1.0284 | Acc: 0.6344
[2026-05-30 20:59:09,179] INFO:   Epoch 8 | Batch [60/108] | Loss: 1.0115 | Acc: 0.6375
[2026-05-30 21:04:37,946] INFO:   Epoch 8 | Batch [80/108] | Loss: 0.9926 | Acc: 0.6500
[2026-05-30 21:10:00,469] INFO:   Epoch 8 | Batch [100/108] | Loss: 0.9768 | Acc: 0.6606
[2026-05-30 21:12:08,441] INFO:   Epoch 8 | Batch [108/108] | Loss: 0.9774 | Acc: 0.6615
[2026-05-30 21:14:37,518] INFO: 
Epoch [9/15] | LR: 4.53e-05
[2026-05-30 21:20:34,791] INFO:   Epoch 9 | Batch [20/108] | Loss: 0.9099 | Acc: 0.7156
[2026-05-30 21:26:03,504] INFO:   Epoch 9 | Batch [40/108] | Loss: 0.9636 | Acc: 0.6734
[2026-05-30 21:32:27,337] INFO:   Epoch 9 | Batch [60/108] | Loss: 0.9611 | Acc: 0.6771
[2026-05-30 21:38:54,641] INFO:   Epoch 9 | Batch [80/108] | Loss: 0.9481 | Acc: 0.6859
[2026-05-30 21:45:39,834] INFO:   Epoch 9 | Batch [100/108] | Loss: 0.9487 | Acc: 0.6900
[2026-05-30 21:48:21,602] INFO:   Epoch 9 | Batch [108/108] | Loss: 0.9448 | Acc: 0.6927
[2026-05-30 21:51:53,273] INFO: 
Epoch [10/15] | LR: 3.52e-05
[2026-05-30 21:58:55,419] INFO:   Epoch 10 | Batch [20/108] | Loss: 0.8973 | Acc: 0.7063
[2026-05-30 22:05:05,020] INFO:   Epoch 10 | Batch [40/108] | Loss: 0.8635 | Acc: 0.7219
[2026-05-30 22:11:27,933] INFO:   Epoch 10 | Batch [60/108] | Loss: 0.8586 | Acc: 0.7292
[2026-05-30 22:17:17,291] INFO:   Epoch 10 | Batch [80/108] | Loss: 0.8553 | Acc: 0.7375
[2026-05-30 22:23:03,993] INFO:   Epoch 10 | Batch [100/108] | Loss: 0.8498 | Acc: 0.7400
[2026-05-30 22:25:36,212] INFO:   Epoch 10 | Batch [108/108] | Loss: 0.8419 | Acc: 0.7454
[2026-05-30 22:28:56,037] INFO: 
Epoch [11/15] | LR: 2.58e-05
[2026-05-30 22:35:46,875] INFO:   Epoch 11 | Batch [20/108] | Loss: 0.8382 | Acc: 0.7562
[2026-05-30 22:41:31,093] INFO:   Epoch 11 | Batch [40/108] | Loss: 0.7984 | Acc: 0.7828
[2026-05-30 22:47:17,631] INFO:   Epoch 11 | Batch [60/108] | Loss: 0.8170 | Acc: 0.7792
[2026-05-30 22:53:06,786] INFO:   Epoch 11 | Batch [80/108] | Loss: 0.8079 | Acc: 0.7781
[2026-05-30 22:58:52,748] INFO:   Epoch 11 | Batch [100/108] | Loss: 0.7924 | Acc: 0.7881
[2026-05-30 23:01:09,274] INFO:   Epoch 11 | Batch [108/108] | Loss: 0.7857 | Acc: 0.7911
[2026-05-30 23:03:51,851] INFO: 
Epoch [12/15] | LR: 1.74e-05
[2026-05-30 23:10:10,330] INFO:   Epoch 12 | Batch [20/108] | Loss: 0.7932 | Acc: 0.7781
[2026-05-30 23:15:55,062] INFO:   Epoch 12 | Batch [40/108] | Loss: 0.7750 | Acc: 0.7812
[2026-05-30 23:21:40,442] INFO:   Epoch 12 | Batch [60/108] | Loss: 0.7674 | Acc: 0.7896
[2026-05-30 23:27:25,356] INFO:   Epoch 12 | Batch [80/108] | Loss: 0.7542 | Acc: 0.7906
[2026-05-30 23:32:51,317] INFO:   Epoch 12 | Batch [100/108] | Loss: 0.7456 | Acc: 0.8006
[2026-05-30 23:35:02,568] INFO:   Epoch 12 | Batch [108/108] | Loss: 0.7445 | Acc: 0.8015
[2026-05-30 23:37:33,482] INFO: 
Epoch [13/15] | LR: 1.05e-05
[2026-05-30 23:43:36,294] INFO:   Epoch 13 | Batch [20/108] | Loss: 0.6827 | Acc: 0.8562
[2026-05-30 23:49:03,243] INFO:   Epoch 13 | Batch [40/108] | Loss: 0.7125 | Acc: 0.8359
[2026-05-30 23:54:32,842] INFO:   Epoch 13 | Batch [60/108] | Loss: 0.7168 | Acc: 0.8354
[2026-05-30 23:59:50,934] INFO:   Epoch 13 | Batch [80/108] | Loss: 0.7014 | Acc: 0.8391
[2026-05-31 00:05:21,287] INFO:   Epoch 13 | Batch [100/108] | Loss: 0.6921 | Acc: 0.8419
[2026-05-31 00:07:32,215] INFO:   Epoch 13 | Batch [108/108] | Loss: 0.6897 | Acc: 0.8449
[2026-05-31 00:10:05,349] INFO: 
Epoch [14/15] | LR: 5.28e-06
[2026-05-31 00:15:57,105] INFO:   Epoch 14 | Batch [20/108] | Loss: 0.6937 | Acc: 0.8187
[2026-05-31 00:21:21,076] INFO:   Epoch 14 | Batch [40/108] | Loss: 0.6940 | Acc: 0.8234
[2026-05-31 00:26:47,519] INFO:   Epoch 14 | Batch [60/108] | Loss: 0.6827 | Acc: 0.8302
[2026-05-31 00:32:12,403] INFO:   Epoch 14 | Batch [80/108] | Loss: 0.6709 | Acc: 0.8430
[2026-05-31 00:37:38,795] INFO:   Epoch 14 | Batch [100/108] | Loss: 0.6621 | Acc: 0.8488
[2026-05-31 00:39:50,579] INFO:   Epoch 14 | Batch [108/108] | Loss: 0.6676 | Acc: 0.8466
[2026-05-31 00:42:30,035] INFO: 
Epoch [15/15] | LR: 2.08e-06
[2026-05-31 00:48:40,480] INFO:   Epoch 15 | Batch [20/108] | Loss: 0.6532 | Acc: 0.8469
[2026-05-31 00:54:12,339] INFO:   Epoch 15 | Batch [40/108] | Loss: 0.6509 | Acc: 0.8453
[2026-05-31 00:59:43,327] INFO:   Epoch 15 | Batch [60/108] | Loss: 0.6465 | Acc: 0.8562
[2026-05-31 01:05:19,830] INFO:   Epoch 15 | Batch [80/108] | Loss: 0.6530 | Acc: 0.8484
[2026-05-31 01:10:47,509] INFO:   Epoch 15 | Batch [100/108] | Loss: 0.6512 | Acc: 0.8506
[2026-05-31 01:12:56,505] INFO:   Epoch 15 | Batch [108/108] | Loss: 0.6494 | Acc: 0.8519
[2026-05-31 01:15:24,969] INFO: 
============================================================
[2026-05-31 01:15:24,971] INFO: Training complete! Total time: 524.0 minutes
[2026-05-31 01:15:24,971] INFO: Best val accuracy: 0.8387
[2026-05-31 01:15:24,972] INFO: Best val loss:     0.6801
[2026-05-31 01:15:26,321] INFO: 
Loading best model for test evaluation...
[2026-05-31 01:17:57,968] INFO: 
============================================================
[2026-05-31 01:17:57,969] INFO: TEST SET EVALUATION
[2026-05-31 01:17:57,969] INFO: ============================================================
[2026-05-31 01:17:57,970] INFO:   Loss      : 0.5793
[2026-05-31 01:17:57,970] INFO:   Accuracy  : 0.8871
[2026-05-31 01:17:57,970] INFO:   Precision : 0.8862
[2026-05-31 01:17:57,970] INFO:   Recall    : 0.8871
[2026-05-31 01:17:57,971] INFO:   F1 Score  : 0.8853
[2026-06-15 07:49:55,084] INFO: ============================================================
[2026-06-15 07:49:55,091] INFO:   Brain Tumor Detection — Training Started
[2026-06-15 07:49:55,107] INFO: ============================================================
[2026-06-15 07:49:55,114] INFO: Device: cpu
[2026-06-15 07:49:55,120] INFO: 
Loading dataset from: dataset/Training
[2026-06-15 07:49:55,340] INFO: Dataset loaded: 2477 total images
[2026-06-15 07:49:55,345] INFO: 
Creating Hybrid ViT-GRU model...
[2026-06-15 07:50:04,038] INFO: 
Starting training for 2 epochs...
[2026-06-15 07:50:04,040] INFO:   Optimizer   : AdamW (lr=0.0001, wd=0.0001)
[2026-06-15 07:50:04,043] INFO:   Scheduler   : CosineAnnealingLR
[2026-06-15 07:50:04,045] INFO:   Early stop  : patience=10
[2026-06-15 07:50:04,047] INFO: ------------------------------------------------------------
[2026-06-15 07:50:04,049] INFO: 
Epoch [1/2] | LR: 1.00e-04
[2026-06-15 18:02:57,974] INFO: ============================================================
[2026-06-15 18:02:57,975] INFO:   Brain Tumor Detection — Training Started
[2026-06-15 18:02:57,977] INFO: ============================================================
[2026-06-15 18:02:57,977] INFO: Device: cpu
[2026-06-15 18:02:57,977] INFO: 
Loading dataset from: dataset/Training
[2026-06-15 18:02:58,373] INFO: Dataset loaded: 2477 total images
[2026-06-15 18:02:58,373] INFO: 
Creating Hybrid ViT-GRU model...
[2026-06-15 18:03:02,243] INFO: 
Starting training for 2 epochs...
[2026-06-15 18:03:02,243] INFO:   Optimizer   : AdamW (lr=0.0001, wd=0.0001)
[2026-06-15 18:03:02,243] INFO:   Scheduler   : CosineAnnealingLR
[2026-06-15 18:03:02,244] INFO:   Early stop  : patience=10
[2026-06-15 18:03:02,244] INFO: ------------------------------------------------------------
[2026-06-15 18:03:02,244] INFO: 
Epoch [1/2] | LR: 1.00e-04
[2026-06-15 18:09:14,411] INFO: ============================================================
[2026-06-15 18:09:14,413] INFO:   Brain Tumor Detection — Training Started
[2026-06-15 18:09:14,415] INFO: ============================================================
[2026-06-15 18:09:14,415] INFO: Device: cpu
[2026-06-15 18:09:14,416] INFO: 
Loading dataset from: dataset/Training
[2026-06-15 18:09:14,666] INFO: Dataset loaded: 2477 total images
[2026-06-15 18:09:14,666] INFO: 
Creating Hybrid ViT-GRU model...
[2026-06-15 18:09:23,038] INFO: 
Starting training for 2 epochs...
[2026-06-15 18:09:23,038] INFO:   Optimizer   : AdamW (lr=0.0001, wd=0.0001)
[2026-06-15 18:09:23,039] INFO:   Scheduler   : CosineAnnealingLR
[2026-06-15 18:09:23,039] INFO:   Early stop  : patience=10
[2026-06-15 18:09:23,039] INFO: ------------------------------------------------------------
[2026-06-15 18:09:23,040] INFO: 
Epoch [1/2] | LR: 1.00e-04
